Godot Engine v4.7.2.stable.mono.official.ed1daf0bf - https://godotengine.org

ERROR: Valid v4 seed268 ["chronology: missing, future or cyclic causal source v4_scar_00", "provenance: actor not active v4_scar_00"]
   at: push_error (core/variant/variant_utility.cpp:1023)
   GDScript backtrace (most recent call first):
       [0] expect (res://tests/test_history_v4.gd:15)
       [1] _shipping (res://tests/test_history_v4.gd:35)
       [2] _init (res://tests/test_history_v4.gd:19)
ERROR: Valid v4 seed357 ["chronology: missing, future or cyclic causal source v4_scar_00", "provenance: actor not active v4_scar_00"]
   at: push_error (core/variant/variant_utility.cpp:1023)
   GDScript backtrace (most recent call first):
       [0] expect (res://tests/test_history_v4.gd:15)
       [1] _shipping (res://tests/test_history_v4.gd:35)
       [2] _init (res://tests/test_history_v4.gd:19)
ERROR: Valid v4 seed672 ["chronology: missing, future or cyclic causal source v4_scar_00", "provenance: actor not active v4_scar_00"]
   at: push_error (core/variant/variant_utility.cpp:1023)
   GDScript backtrace (most recent call first):
       [0] expect (res://tests/test_history_v4.gd:15)
       [1] _shipping (res://tests/test_history_v4.gd:35)
       [2] _init (res://tests/test_history_v4.gd:19)
FAIL: History v4 redesign (15414 assertions)
