Godot Engine v4.7.2.stable.mono.official.ed1daf0bf - https://godotengine.org

[   0% ] [90m[1mfirst_scan_filesystem[22m | Started 프로젝트 초기화 (5 steps)[39m[0m
[   0% ] [90m[1mfirst_scan_filesystem[22m | 파일 구조 스캔 중...[39m[0m
[  16% ] [90m[1mfirst_scan_filesystem[22m | 전역 클래스 이름을 불러오는 중...[39m[0m
[  33% ] [90m[1mfirst_scan_filesystem[22m | GDExtensions 검증 중...[39m[0m
[  50% ] [90m[1mfirst_scan_filesystem[22m | 오토로드 스크립트를 만드는 중...[39m[0m
[  66% ] [90m[1mfirst_scan_filesystem[22m | 플러그인을 초기화 중...[39m[0m
[  83% ] [90m[1mfirst_scan_filesystem[22m | 파일 스캔 시작 중...[39m[0m
[92m[ DONE ][39m [1mfirst_scan_filesystem[22m
[0m
[   0% ] [90m[1mupdate_scripts_classes[22m | Started 전역 클래스를 등록하는 중... (170 steps)[39m[0m
[   0% ] [90m[1mupdate_scripts_classes[22m | CombatActorContent[39m[0m
[   0% ] [90m[1mupdate_scripts_classes[22m | CombatContentData[39m[0m
[   1% ] [90m[1mupdate_scripts_classes[22m | ActionCostResolver[39m[0m
[   1% ] [90m[1mupdate_scripts_classes[22m | AttackAction[39m[0m
[   2% ] [90m[1mupdate_scripts_classes[22m | InteractAction[39m[0m
[   2% ] [90m[1mupdate_scripts_classes[22m | MoveAction[39m[0m
[   3% ] [90m[1mupdate_scripts_classes[22m | TimeAction[39m[0m
[   4% ] [90m[1mupdate_scripts_classes[22m | WaitAction[39m[0m
[   4% ] [90m[1mupdate_scripts_classes[22m | Actor[39m[0m
[   5% ] [90m[1mupdate_scripts_classes[22m | ActorDefinition[39m[0m
[   5% ] [90m[1mupdate_scripts_classes[22m | ActorRegistry[39m[0m
[   6% ] [90m[1mupdate_scripts_classes[22m | BasicMeleeTactics[39m[0m
[   7% ] [90m[1mupdate_scripts_classes[22m | MeleeAttackOption[39m[0m
[   7% ] [90m[1mupdate_scripts_classes[22m | MeleeContext[39m[0m
[   8% ] [90m[1mupdate_scripts_classes[22m | RatTactics[39m[0m
[   8% ] [90m[1mupdate_scripts_classes[22m | TacticalChoice[39m[0m
[   9% ] [90m[1mupdate_scripts_classes[22m | TacticalPlanner[39m[0m
[   9% ] [90m[1mupdate_scripts_classes[22m | AbilityScores[39m[0m
[  10% ] [90m[1mupdate_scripts_classes[22m | ArmorDefinition[39m[0m
[  11% ] [90m[1mupdate_scripts_classes[22m | ArmorProfileCatalog[39m[0m
[  11% ] [90m[1mupdate_scripts_classes[22m | AttackDefinition[39m[0m
[  12% ] [90m[1mupdate_scripts_classes[22m | BodyInstance[39m[0m
[  12% ] [90m[1mupdate_scripts_classes[22m | BodyTemplate[39m[0m
[  13% ] [90m[1mupdate_scripts_classes[22m | CombatContentCatalog[39m[0m
[  14% ] [90m[1mupdate_scripts_classes[22m | CombatEvent[39m[0m
[  14% ] [90m[1mupdate_scripts_classes[22m | CombatEventLog[39m[0m
[  15% ] [90m[1mupdate_scripts_classes[22m | CombatLogFormatter[39m[0m
[  15% ] [90m[1mupdate_scripts_classes[22m | CombatRules[39m[0m
[  16% ] [90m[1mupdate_scripts_classes[22m | CombatSpecies[39m[0m
[  16% ] [90m[1mupdate_scripts_classes[22m | DamageDice[39m[0m
[  17% ] [90m[1mupdate_scripts_classes[22m | WeaponActionDefinition[39m[0m
[  18% ] [90m[1mupdate_scripts_classes[22m | WeaponDefinition[39m[0m
[  18% ] [90m[1mupdate_scripts_classes[22m | ActionCostModifier[39m[0m
[  19% ] [90m[1mupdate_scripts_classes[22m | ActiveEffect[39m[0m
[  19% ] [90m[1mupdate_scripts_classes[22m | EffectStore[39m[0m
[  20% ] [90m[1mupdate_scripts_classes[22m | GameplayEffectDefinition[39m[0m
[  21% ] [90m[1mupdate_scripts_classes[22m | ModifierOperation[39m[0m
[  21% ] [90m[1mupdate_scripts_classes[22m | StatCatalog[39m[0m
[  22% ] [90m[1mupdate_scripts_classes[22m | StatModifier[39m[0m
[  22% ] [90m[1mupdate_scripts_classes[22m | StatResolver[39m[0m
[  23% ] [90m[1mupdate_scripts_classes[22m | CanonPolicy[39m[0m
[  23% ] [90m[1mupdate_scripts_classes[22m | CultureEvidence[39m[0m
[  24% ] [90m[1mupdate_scripts_classes[22m | CultureGoalQuery[39m[0m
[  25% ] [90m[1mupdate_scripts_classes[22m | CultureRules[39m[0m
[  25% ] [90m[1mupdate_scripts_classes[22m | FactionCultureCatalog[39m[0m
[  26% ] [90m[1mupdate_scripts_classes[22m | FactionCultureResolver[39m[0m
[  26% ] [90m[1mupdate_scripts_classes[22m | FactionIdentityResolver[39m[0m
[  27% ] [90m[1mupdate_scripts_classes[22m | HistoricalClaim[39m[0m
[  28% ] [90m[1mupdate_scripts_classes[22m | HistoricalEntity[39m[0m
[  28% ] [90m[1mupdate_scripts_classes[22m | HistoricalEvent[39m[0m
[  29% ] [90m[1mupdate_scripts_classes[22m | HistoryClaimBuilder[39m[0m
[  29% ] [90m[1mupdate_scripts_classes[22m | HistoryDebugFormatter[39m[0m
[  30% ] [90m[1mupdate_scripts_classes[22m | HistoryGenerator[39m[0m
[  30% ] [90m[1mupdate_scripts_classes[22m | HistoryMotifs[39m[0m
[  31% ] [90m[1mupdate_scripts_classes[22m | HistoryNameSource[39m[0m
[  32% ] [90m[1mupdate_scripts_classes[22m | HistoryProjector[39m[0m
[  32% ] [90m[1mupdate_scripts_classes[22m | HistoryResult[39m[0m
[  33% ] [90m[1mupdate_scripts_classes[22m | HistorySites[39m[0m
[  33% ] [90m[1mupdate_scripts_classes[22m | HistoryState[39m[0m
[  34% ] [90m[1mupdate_scripts_classes[22m | HistoryTopology[39m[0m
[  35% ] [90m[1mupdate_scripts_classes[22m | HistoryV4Catalog[39m[0m
[  35% ] [90m[1mupdate_scripts_classes[22m | HistoryV4Claims[39m[0m
[  36% ] [90m[1mupdate_scripts_classes[22m | HistoryV4Compatibility[39m[0m
[  36% ] [90m[1mupdate_scripts_classes[22m | HistoryV4Planner[39m[0m
[  37% ] [90m[1mupdate_scripts_classes[22m | HistoryV4Validator[39m[0m
[  38% ] [90m[1mupdate_scripts_classes[22m | HistoryValidator[39m[0m
[  38% ] [90m[1mupdate_scripts_classes[22m | OriginCatalog[39m[0m
[  39% ] [90m[1mupdate_scripts_classes[22m | PopulationOrigins[39m[0m
[  39% ] [90m[1mupdate_scripts_classes[22m | SocialIncidentCatalog[39m[0m
[  40% ] [90m[1mupdate_scripts_classes[22m | SocialIncidentPlanner[39m[0m
[  40% ] [90m[1mupdate_scripts_classes[22m | SocialIncidentValidator[39m[0m
[  41% ] [90m[1mupdate_scripts_classes[22m | SocialPopulationCatalog[39m[0m
[  42% ] [90m[1mupdate_scripts_classes[22m | SocietyActorInteraction[39m[0m
[  42% ] [90m[1mupdate_scripts_classes[22m | GeneratedName[39m[0m
[  43% ] [90m[1mupdate_scripts_classes[22m | NameCulture[39m[0m
[  43% ] [90m[1mupdate_scripts_classes[22m | NameGenerator[39m[0m
[  44% ] [90m[1mupdate_scripts_classes[22m | NameRenderer[39m[0m
[  45% ] [90m[1mupdate_scripts_classes[22m | NameSlot[39m[0m
[  45% ] [90m[1mupdate_scripts_classes[22m | NameTemplate[39m[0m
[  46% ] [90m[1mupdate_scripts_classes[22m | NameToken[39m[0m
[  46% ] [90m[1mupdate_scripts_classes[22m | NamingCatalog[39m[0m
[  47% ] [90m[1mupdate_scripts_classes[22m | NamingContent[39m[0m
[  47% ] [90m[1mupdate_scripts_classes[22m | CombatBatchRunner[39m[0m
[  48% ] [90m[1mupdate_scripts_classes[22m | CombatSimulationGame[39m[0m
[  49% ] [90m[1mupdate_scripts_classes[22m | TimeScheduler[39m[0m
[  49% ] [90m[1mupdate_scripts_classes[22m | CharacterInspector[39m[0m
[  50% ] [90m[1mupdate_scripts_classes[22m | CharacterOverviewQuery[39m[0m
[  50% ] [90m[1mupdate_scripts_classes[22m | CharacterOverviewText[39m[0m
[  51% ] [90m[1mupdate_scripts_classes[22m | CharacterScreen[39m[0m
[  52% ] [90m[1mupdate_scripts_classes[22m | InspectableValueRow[39m[0m
[  52% ] [90m[1mupdate_scripts_classes[22m | InspectorNumberStyle[39m[0m
[  53% ] [90m[1mupdate_scripts_classes[22m | GeneratedMapCombatGame[39m[0m
[  53% ] [90m[1mupdate_scripts_classes[22m | TimeCostGame[39m[0m
[  54% ] [90m[1mupdate_scripts_classes[22m | [39m[0m
[  54% ] [90m[1mupdate_scripts_classes[22m | [39m[0m
[  55% ] [90m[1mupdate_scripts_classes[22m | MicroApGame[39m[0m
[  56% ] [90m[1mupdate_scripts_classes[22m | [39m[0m
[  56% ] [90m[1mupdate_scripts_classes[22m | CombatDebugPanel[39m[0m
[  57% ] [90m[1mupdate_scripts_classes[22m | [39m[0m
[  57% ] [90m[1mupdate_scripts_classes[22m | ProceduralMapPreview[39m[0m
[  58% ] [90m[1mupdate_scripts_classes[22m | ProceduralPlayground[39m[0m
[  59% ] [90m[1mupdate_scripts_classes[22m | [39m[0m
[  59% ] [90m[1mupdate_scripts_classes[22m | [39m[0m
[  60% ] [90m[1mupdate_scripts_classes[22m | [39m[0m
[  60% ] [90m[1mupdate_scripts_classes[22m | [39m[0m
[  61% ] [90m[1mupdate_scripts_classes[22m | [39m[0m
[  61% ] [90m[1mupdate_scripts_classes[22m | [39m[0m
[  62% ] [90m[1mupdate_scripts_classes[22m | [39m[0m
[  63% ] [90m[1mupdate_scripts_classes[22m | [39m[0m
[  63% ] [90m[1mupdate_scripts_classes[22m | [39m[0m
[  64% ] [90m[1mupdate_scripts_classes[22m | [39m[0m
[  64% ] [90m[1mupdate_scripts_classes[22m | [39m[0m
[  65% ] [90m[1mupdate_scripts_classes[22m | [39m[0m
[  66% ] [90m[1mupdate_scripts_classes[22m | [39m[0m
[  66% ] [90m[1mupdate_scripts_classes[22m | [39m[0m
[  67% ] [90m[1mupdate_scripts_classes[22m | [39m[0m
[  67% ] [90m[1mupdate_scripts_classes[22m | [39m[0m
[  68% ] [90m[1mupdate_scripts_classes[22m | [39m[0m
[  69% ] [90m[1mupdate_scripts_classes[22m | [39m[0m
[  69% ] [90m[1mupdate_scripts_classes[22m | [39m[0m
[  70% ] [90m[1mupdate_scripts_classes[22m | [39m[0m
[  70% ] [90m[1mupdate_scripts_classes[22m | [39m[0m
[  71% ] [90m[1mupdate_scripts_classes[22m | [39m[0m
[  71% ] [90m[1mupdate_scripts_classes[22m | [39m[0m
[  72% ] [90m[1mupdate_scripts_classes[22m | [39m[0m
[  73% ] [90m[1mupdate_scripts_classes[22m | [39m[0m
[  73% ] [90m[1mupdate_scripts_classes[22m | [39m[0m
[  74% ] [90m[1mupdate_scripts_classes[22m | [39m[0m
[  74% ] [90m[1mupdate_scripts_classes[22m | [39m[0m
[  75% ] [90m[1mupdate_scripts_classes[22m | [39m[0m
[  76% ] [90m[1mupdate_scripts_classes[22m | [39m[0m
[  76% ] [90m[1mupdate_scripts_classes[22m | [39m[0m
[  77% ] [90m[1mupdate_scripts_classes[22m | [39m[0m
[  77% ] [90m[1mupdate_scripts_classes[22m | [39m[0m
[  78% ] [90m[1mupdate_scripts_classes[22m | [39m[0m
[  78% ] [90m[1mupdate_scripts_classes[22m | [39m[0m
[  79% ] [90m[1mupdate_scripts_classes[22m | [39m[0m
[  80% ] [90m[1mupdate_scripts_classes[22m | [39m[0m
[  80% ] [90m[1mupdate_scripts_classes[22m | [39m[0m
[  81% ] [90m[1mupdate_scripts_classes[22m | [39m[0m
[  81% ] [90m[1mupdate_scripts_classes[22m | [39m[0m
[  82% ] [90m[1mupdate_scripts_classes[22m | [39m[0m
[  83% ] [90m[1mupdate_scripts_classes[22m | [39m[0m
[  83% ] [90m[1mupdate_scripts_classes[22m | [39m[0m
[  84% ] [90m[1mupdate_scripts_classes[22m | [39m[0m
[  84% ] [90m[1mupdate_scripts_classes[22m | [39m[0m
[  85% ] [90m[1mupdate_scripts_classes[22m | [39m[0m
[  85% ] [90m[1mupdate_scripts_classes[22m | [39m[0m
[  86% ] [90m[1mupdate_scripts_classes[22m | [39m[0m
[  87% ] [90m[1mupdate_scripts_classes[22m | [39m[0m
[  87% ] [90m[1mupdate_scripts_classes[22m | [39m[0m
[  88% ] [90m[1mupdate_scripts_classes[22m | [39m[0m
[  88% ] [90m[1mupdate_scripts_classes[22m | [39m[0m
[  89% ] [90m[1mupdate_scripts_classes[22m | [39m[0m
[  90% ] [90m[1mupdate_scripts_classes[22m | [39m[0m
[  90% ] [90m[1mupdate_scripts_classes[22m | [39m[0m
[  91% ] [90m[1mupdate_scripts_classes[22m | [39m[0m
[  91% ] [90m[1mupdate_scripts_classes[22m | [39m[0m
[  92% ] [90m[1mupdate_scripts_classes[22m | [39m[0m
[  92% ] [90m[1mupdate_scripts_classes[22m | [39m[0m
[  93% ] [90m[1mupdate_scripts_classes[22m | [39m[0m
[  94% ] [90m[1mupdate_scripts_classes[22m | [39m[0m
[  94% ] [90m[1mupdate_scripts_classes[22m | [39m[0m
[  95% ] [90m[1mupdate_scripts_classes[22m | [39m[0m
[  95% ] [90m[1mupdate_scripts_classes[22m | [39m[0m
[  96% ] [90m[1mupdate_scripts_classes[22m | [39m[0m
[  97% ] [90m[1mupdate_scripts_classes[22m | [39m[0m
[  97% ] [90m[1mupdate_scripts_classes[22m | GenerationSettings[39m[0m
[  98% ] [90m[1mupdate_scripts_classes[22m | SeedDeriver[39m[0m
[  98% ] [90m[1mupdate_scripts_classes[22m | SimpleMapGenerator[39m[0m
[92m[ DONE ][39m [1mupdate_scripts_classes[22m
[0m
[   0% ] [90m[1m_update_scan_actions[22m | Started 액션 스캔 중... (32 steps)[39m[0m
[   0% ] [90m[1m_update_scan_actions[22m | EverRogueTileset 1.0 Horizontal Alpha.png[39m[0m
[   3% ] [90m[1m_update_scan_actions[22m | EverRogueTileset 1.0 Horizontal.png[39m[0m
[   6% ] [90m[1m_update_scan_actions[22m | EverRogueTileset 1.0 Packed Alpha.png[39m[0m
[   9% ] [90m[1m_update_scan_actions[22m | EverRogueTileset 1.0 Packed.png[39m[0m
[  12% ] [90m[1m_update_scan_actions[22m | EverRogueTileset 1.0 Vertical Alpha.png[39m[0m
[  15% ] [90m[1m_update_scan_actions[22m | EverRogueTileset 1.0 Vertical.png[39m[0m
[  18% ] [90m[1m_update_scan_actions[22m | EverRogueTileset 2.0 Horizontal Alpha.png[39m[0m
[  21% ] [90m[1m_update_scan_actions[22m | EverRogueTileset 2.0 Horizontal.png[39m[0m
[  24% ] [90m[1m_update_scan_actions[22m | EverRogueTileset 2.0 Packed Alpha.png[39m[0m
[  27% ] [90m[1m_update_scan_actions[22m | EverRogueTileset 2.0 Packed.png[39m[0m
[  30% ] [90m[1m_update_scan_actions[22m | EverRogueTileset 2.0 Vertical Alpha.png[39m[0m
[  33% ] [90m[1m_update_scan_actions[22m | EverRogueTileset 2.0 Vertical.png[39m[0m
[  36% ] [90m[1m_update_scan_actions[22m | action_cost_resolution.svg[39m[0m
[  39% ] [90m[1m_update_scan_actions[22m | action_pipeline.svg[39m[0m
[  42% ] [90m[1m_update_scan_actions[22m | body_injury.svg[39m[0m
[  45% ] [90m[1m_update_scan_actions[22m | character_overview.svg[39m[0m
[  48% ] [90m[1m_update_scan_actions[22m | combat_batch.svg[39m[0m
[  51% ] [90m[1m_update_scan_actions[22m | combat_resolution.svg[39m[0m
[  54% ] [90m[1m_update_scan_actions[22m | con_max_hp.svg[39m[0m
[  57% ] [90m[1m_update_scan_actions[22m | faction_culture.svg[39m[0m
[  60% ] [90m[1m_update_scan_actions[22m | history_generator.svg[39m[0m
[  63% ] [90m[1m_update_scan_actions[22m | monster_taxonomy.svg[39m[0m
[  66% ] [90m[1m_update_scan_actions[22m | primary_attribute_check.svg[39m[0m
[  69% ] [90m[1m_update_scan_actions[22m | procedural_naming.svg[39m[0m
[  72% ] [90m[1m_update_scan_actions[22m | procgen_pipeline.svg[39m[0m
[  75% ] [90m[1m_update_scan_actions[22m | social_historical_incidents.svg[39m[0m
[  78% ] [90m[1m_update_scan_actions[22m | society_actor_interaction.svg[39m[0m
[  81% ] [90m[1m_update_scan_actions[22m | tactical_ai.svg[39m[0m
[  84% ] [90m[1m_update_scan_actions[22m | threat_rating.svg[39m[0m
[  87% ] [90m[1m_update_scan_actions[22m | time_scheduler.svg[39m[0m
[  90% ] [90m[1m_update_scan_actions[22m | 2026-09-22-m019-scene.png[39m[0m
[  93% ] [90m[1m_update_scan_actions[22m | icon.svg[39m[0m
[92m[ DONE ][39m [1m_update_scan_actions[22m
[0m
[   0% ] [90m[1mreimport[22m | Started 애셋 (다시) 가져오는 중 (32 steps)[39m[0m
[   0% ] [90m[1mreimport[22m | 다시 가져올 파일을 준비 중...[39m[0m
[   3% ] [90m[1mreimport[22m | 다시 가져올 파일을 준비 중...[39m[0m
[   6% ] [90m[1mreimport[22m | 다시 가져올 파일을 준비 중...[39m[0m
[   9% ] [90m[1mreimport[22m | 다시 가져올 파일을 준비 중...[39m[0m
[  12% ] [90m[1mreimport[22m | 다시 가져올 파일을 준비 중...[39m[0m
[  15% ] [90m[1mreimport[22m | 다시 가져올 파일을 준비 중...[39m[0m
[  18% ] [90m[1mreimport[22m | 다시 가져올 파일을 준비 중...[39m[0m
[  21% ] [90m[1mreimport[22m | 다시 가져올 파일을 준비 중...[39m[0m
[  24% ] [90m[1mreimport[22m | 다시 가져올 파일을 준비 중...[39m[0m
[  27% ] [90m[1mreimport[22m | 다시 가져올 파일을 준비 중...[39m[0m
[  30% ] [90m[1mreimport[22m | 다시 가져올 파일을 준비 중...[39m[0m
[  33% ] [90m[1mreimport[22m | 다시 가져올 파일을 준비 중...[39m[0m
[  36% ] [90m[1mreimport[22m | 다시 가져올 파일을 준비 중...[39m[0m
[  39% ] [90m[1mreimport[22m | 다시 가져올 파일을 준비 중...[39m[0m
[  42% ] [90m[1mreimport[22m | 다시 가져올 파일을 준비 중...[39m[0m
[  45% ] [90m[1mreimport[22m | 다시 가져올 파일을 준비 중...[39m[0m
[  48% ] [90m[1mreimport[22m | 다시 가져올 파일을 준비 중...[39m[0m
[  51% ] [90m[1mreimport[22m | 다시 가져올 파일을 준비 중...[39m[0m
[  54% ] [90m[1mreimport[22m | 다시 가져올 파일을 준비 중...[39m[0m
[  57% ] [90m[1mreimport[22m | 다시 가져올 파일을 준비 중...[39m[0m
[  60% ] [90m[1mreimport[22m | 다시 가져올 파일을 준비 중...[39m[0m
[  63% ] [90m[1mreimport[22m | 다시 가져올 파일을 준비 중...[39m[0m
[  66% ] [90m[1mreimport[22m | 다시 가져올 파일을 준비 중...[39m[0m
[  69% ] [90m[1mreimport[22m | 다시 가져올 파일을 준비 중...[39m[0m
[  72% ] [90m[1mreimport[22m | 다시 가져올 파일을 준비 중...[39m[0m
[  75% ] [90m[1mreimport[22m | 다시 가져올 파일을 준비 중...[39m[0m
[  78% ] [90m[1mreimport[22m | 다시 가져올 파일을 준비 중...[39m[0m
[  81% ] [90m[1mreimport[22m | 다시 가져올 파일을 준비 중...[39m[0m
[  84% ] [90m[1mreimport[22m | 다시 가져올 파일을 준비 중...[39m[0m
[  87% ] [90m[1mreimport[22m | 다시 가져올 파일을 준비 중...[39m[0m
[  90% ] [90m[1mreimport[22m | 다시 가져올 파일을 준비 중...[39m[0m
[  93% ] [90m[1mreimport[22m | 다시 가져올 파일을 준비 중...[39m[0m
[   0% ] [90m[1mreimport[22m | 다시 가져오기 전 작업을 수행 중...[39m[0m
[   0% ] [90m[1mreimport[22m | icon.svg[39m[0m
[   3% ] [90m[1mreimport[22m | 2026-09-22-m019-scene.png[39m[0m
[   6% ] [90m[1mreimport[22m | time_scheduler.svg[39m[0m
[   9% ] [90m[1mreimport[22m | threat_rating.svg[39m[0m
[  12% ] [90m[1mreimport[22m | tactical_ai.svg[39m[0m
[  15% ] [90m[1mreimport[22m | society_actor_interaction.svg[39m[0m
[  18% ] [90m[1mreimport[22m | social_historical_incidents.svg[39m[0m
[  21% ] [90m[1mreimport[22m | procgen_pipeline.svg[39m[0m
[  24% ] [90m[1mreimport[22m | procedural_naming.svg[39m[0m
[  27% ] [90m[1mreimport[22m | primary_attribute_check.svg[39m[0m
[  30% ] [90m[1mreimport[22m | monster_taxonomy.svg[39m[0m
[  33% ] [90m[1mreimport[22m | history_generator.svg[39m[0m
[  36% ] [90m[1mreimport[22m | faction_culture.svg[39m[0m
[  39% ] [90m[1mreimport[22m | con_max_hp.svg[39m[0m
[  42% ] [90m[1mreimport[22m | combat_resolution.svg[39m[0m
[  45% ] [90m[1mreimport[22m | combat_batch.svg[39m[0m
[  48% ] [90m[1mreimport[22m | character_overview.svg[39m[0m
[  51% ] [90m[1mreimport[22m | body_injury.svg[39m[0m
[  54% ] [90m[1mreimport[22m | action_pipeline.svg[39m[0m
[  57% ] [90m[1mreimport[22m | action_cost_resolution.svg[39m[0m
[  60% ] [90m[1mreimport[22m | EverRogueTileset 2.0 Vertical.png[39m[0m
[  63% ] [90m[1mreimport[22m | EverRogueTileset 2.0 Vertical Alpha.png[39m[0m
[  66% ] [90m[1mreimport[22m | EverRogueTileset 2.0 Packed.png[39m[0m
[  69% ] [90m[1mreimport[22m | EverRogueTileset 2.0 Packed Alpha.png[39m[0m
[  72% ] [90m[1mreimport[22m | EverRogueTileset 2.0 Horizontal.png[39m[0m
[  75% ] [90m[1mreimport[22m | EverRogueTileset 2.0 Horizontal Alpha.png[39m[0m
[  78% ] [90m[1mreimport[22m | EverRogueTileset 1.0 Vertical.png[39m[0m
[  81% ] [90m[1mreimport[22m | EverRogueTileset 1.0 Vertical Alpha.png[39m[0m
[  84% ] [90m[1mreimport[22m | EverRogueTileset 1.0 Packed.png[39m[0m
[  87% ] [90m[1mreimport[22m | EverRogueTileset 1.0 Packed Alpha.png[39m[0m
[  90% ] [90m[1mreimport[22m | EverRogueTileset 1.0 Horizontal.png[39m[0m
[  93% ] [90m[1mreimport[22m | EverRogueTileset 1.0 Horizontal Alpha.png[39m[0m
[  96% ] [90m[1mreimport[22m | 애셋 가져오기 마무리 중...[39m[0m
[92m[ DONE ][39m [1mreimport[22m
[0m
[   0% ] [90m[1mreimport[22m | Started 애셋 (다시) 가져오는 중 (32 steps)[39m[0m
[   0% ] [90m[1mreimport[22m | 다시 가져오기 후 작업을 수행 중...[39m[0m
[92m[ DONE ][39m [1mreimport[22m
[0m
[   0% ] [90m[1mloading_editor_layout[22m | Started 편집기를 불러오는 중 (5 steps)[39m[0m
[   0% ] [90m[1mloading_editor_layout[22m | 편집기 레이아웃을 불러오는 중...[39m[0m
[  16% ] [90m[1mloading_editor_layout[22m | 독을 불러오는 중...[39m[0m
[92m[ DONE ][39m [1mloading_editor_layout[22m
[0m
